// Jest Snapshot v1, https://goo.gl/fbAQLP

exports[`Prueba en <TodoListItem/> debe de mostrarse correctamente 1`] = `
<li
  className=""
  key="1"
>
  <span
    className="false"
    onClick={[Function]}
  >
    1
    ) 
    Aprender React
  </span>
  <button
    className="btn btn-danger"
    onClick={[Function]}
  >
    Borrar
  </button>
</li>
`;
